---
source: src/test.rs
assertion_line: 288
expression: output
---
## `lib.export.exportedFunc` {#function-library-lib.export.exportedFunc}

A documented function that will be exported.

### Example

```nix
exportedFunc "test"
# => "test-result"
```

### Arguments

arg
: The input argument.

## `lib.export.anotherExported` {#function-library-lib.export.anotherExported}

Another documented function.

### Arguments

x
: First value.

y
: Second value.
