---
source: src/test.rs
assertion_line: 285
expression: output
---
# Module Options

These are the available module options.

## `documentation.info` {#opt-documentation-info}

**Type:** `boolean`

**Default:** Depends on {option}`documentation.enable`

Example with literalMD.

**Declared by:**

- [modules/documentation.nix](https://github.com/example/repo/blob/main/modules/documentation.nix)

## `networking.interfaces.<name>.ipv4.addresses` {#opt-networking-interfaces-_name_-ipv4-addresses}

**Type:** `list of (submodule)`

**Default:** `[ ]`

List of IPv4 addresses for this interface.

**Example:**

```nix
[
  { address = "192.168.1.1"; prefixLength = 24; }
]
```

**Declared by:**

- [modules/networking.nix](https://github.com/example/repo/blob/main/modules/networking.nix)

## `programs.editor.name` {#opt-programs-editor-name}

**Type:** `one of "vim", "emacs", "nano"`

**Default:** `"vim"`

The name of the editor to use.

Supports `vim`, `emacs`, or `nano`.

**Declared by:**

- [modules/programs/editor.nix](https://github.com/example/repo/blob/main/modules/programs/editor.nix)

## `services.test.enable` {#opt-services-test-enable}

**Type:** `boolean`

**Default:** `false`

Whether to enable the test service.

This is a multi-line description with **markdown** support.

**Example:** `true`

**Declared by:**

- [modules/services/test.nix](https://github.com/example/repo/blob/main/modules/services/test.nix)

## `services.test.package` {#opt-services-test-package}

**Type:** `package`

**Default:** `pkgs.test`

The test package to use.

**Declared by:**

- [modules/services/test.nix](https://github.com/example/repo/blob/main/modules/services/test.nix)

## `services.test.extraConfig` {#opt-services-test-extraConfig}

**Type:** `strings concatenated with "\n"`

**Default:** `""`

Extra configuration lines.

**Declared by:**

- [modules/services/test.nix](https://github.com/example/repo/blob/main/modules/services/test.nix)

## `services.test.settings` {#opt-services-test-settings}

**Type:** `attribute set of anything`

**Default:** `{ }`

Configuration settings for the test service.

**Example:**

```nix
{
  port = 8080;
  host = "localhost";
}
```

**Declared by:**

- [modules/services/test.nix](https://github.com/example/repo/blob/main/modules/services/test.nix)

## `system.readOnlyOption` {#opt-system-readOnlyOption}

**Type:** `string` *(read only)*

**Default:** `"computed-value"`

A read-only option that cannot be set by users.

**Declared by:**

- [modules/system.nix](https://github.com/example/repo/blob/main/modules/system.nix)
